// Jest Snapshot v1, https://goo.gl/fbAQLP

exports[`renders Typography/demo/basic.md correctly 1`] = `
<article
  class="arco-typography"
  style="margin-top:-40px"
>
  <h1
    class="arco-typography"
  >
    <span
      style="display:block;padding:0;margin:0;position:absolute;white-space:nowrap;opacity:0;z-index:-999"
    >
      hxj
    </span>
    <span
      style="width:0"
    >
      Design system
    </span>
  </h1>
  <div
    class="arco-typography"
  >
    <span
      style="display:block;padding:0;margin:0;position:absolute;white-space:nowrap;opacity:0;z-index:-999"
    >
      hxj
    </span>
    <span
      style="width:0"
    >
      A design is a plan or specification for the construction of an object or system or for the implementation of an activity or process, or the result of that plan or specification in the form of a prototype, product or process. The verb to design expresses the process of developing a design.
    </span>
  </div>
  <div
    class="arco-typography"
  >
    <span
      style="display:block;padding:0;margin:0;position:absolute;white-space:nowrap;opacity:0;z-index:-999"
    >
      hxj
    </span>
    <span
      style="width:0"
    >
      In some cases, the direct construction of an object without an explicit prior plan (such as in craftwork, some engineering, coding, and graphic design) may also be considered 
      <span
        class="arco-typography"
      >
        <b>
          <span
            style="display:block;padding:0;margin:0;position:absolute;white-space:nowrap;opacity:0;z-index:-999"
          >
            hxj
          </span>
          <span
            style="width:0"
          >
            to be a design activity.
          </span>
        </b>
      </span>
    </span>
  </div>
  <h2
    class="arco-typography"
  >
    <span
      style="display:block;padding:0;margin:0;position:absolute;white-space:nowrap;opacity:0;z-index:-999"
    >
      hxj
    </span>
    <span
      style="width:0"
    >
      ArcoDesign
    </span>
  </h2>
  <div
    class="arco-typography"
  >
    <span
      style="display:block;padding:0;margin:0;position:absolute;white-space:nowrap;opacity:0;z-index:-999"
    >
      hxj
    </span>
    <span
      style="width:0"
    >
      The ArcoDesign component library defines a set of default particle variables, and a custom theme is to 
      <span
        class="arco-typography"
      >
        <mark>
          <span
            style="display:block;padding:0;margin:0;position:absolute;white-space:nowrap;opacity:0;z-index:-999"
          >
            hxj
          </span>
          <span
            style="width:0"
          >
            customize
          </span>
        </mark>
      </span>
       and 
      <span
        class="arco-typography"
      >
        <u>
          <span
            style="display:block;padding:0;margin:0;position:absolute;white-space:nowrap;opacity:0;z-index:-999"
          >
            hxj
          </span>
          <span
            style="width:0"
          >
            overwrite
          </span>
        </u>
      </span>
       this variable list.
    </span>
  </div>
  <blockquote
    class="arco-typography"
  >
    <span
      style="display:block;padding:0;margin:0;position:absolute;white-space:nowrap;opacity:0;z-index:-999"
    >
      hxj
    </span>
    <span
      style="width:0"
    >
      A design is a plan or specification for the construction of an object or system or for the implementation of an activity or process, or the result of that plan or specification in the form of a 
      <span
        class="arco-typography"
      >
        <code>
          <span
            style="display:block;padding:0;margin:0;position:absolute;white-space:nowrap;opacity:0;z-index:-999"
          >
            hxj
          </span>
          <span
            style="width:0"
          >
            prototype
          </span>
        </code>
      </span>
      , 
      <span
        class="arco-typography"
      >
        <code>
          <span
            style="display:block;padding:0;margin:0;position:absolute;white-space:nowrap;opacity:0;z-index:-999"
          >
            hxj
          </span>
          <span
            style="width:0"
          >
            product
          </span>
        </code>
      </span>
       or 
      <span
        class="arco-typography"
      >
        <code>
          <span
            style="display:block;padding:0;margin:0;position:absolute;white-space:nowrap;opacity:0;z-index:-999"
          >
            hxj
          </span>
          <span
            style="width:0"
          >
            process
          </span>
        </code>
      </span>
      . The verb to design expresses the process of developing a design.
    </span>
  </blockquote>
  <div
    class="arco-typography"
  >
    <mark>
      <del>
        <u>
          <span
            style="display:block;padding:0;margin:0;position:absolute;white-space:nowrap;opacity:0;z-index:-999"
          >
            hxj
          </span>
          <span
            style="width:0"
          >
            A design is a plan or specification for the construction of an object or system or for the implementation of an activity or process.
          </span>
        </u>
      </del>
    </mark>
  </div>
  <div
    class="arco-typography"
  >
    <span
      style="display:block;padding:0;margin:0;position:absolute;white-space:nowrap;opacity:0;z-index:-999"
    >
      hxj
    </span>
    <span
      style="width:0"
    >
      <ul>
        <li>
          Architectural blueprints
          <ul>
            <li>
              Architectural blueprints
            </li>
          </ul>
        </li>
        <li>
          Engineering drawings
        </li>
        <li>
          Business processes
        </li>
      </ul>
    </span>
  </div>
  <div
    class="arco-typography"
  >
    <span
      style="display:block;padding:0;margin:0;position:absolute;white-space:nowrap;opacity:0;z-index:-999"
    >
      hxj
    </span>
    <span
      style="width:0"
    >
      <ol>
        <li>
          Architectural blueprints
        </li>
        <li>
          Engineering drawings
        </li>
        <li>
          Business processes
        </li>
      </ol>
    </span>
  </div>
</article>
`;

exports[`renders Typography/demo/ellipsis.md correctly 1`] = `
Array [
  <button
    aria-checked="true"
    class="arco-switch arco-switch-type-circle arco-switch-checked"
    role="switch"
    type="button"
  >
    <div
      class="arco-switch-dot"
    />
  </button>,
  <div>
    <h4
      class="arco-typography arco-typography-simple-ellipsis"
    >
      <span
        style="display:block;padding:0;margin:0;position:absolute;white-space:nowrap;opacity:0;z-index:-999"
      >
        hxj
      </span>
      <span
        style="width:0;text-overflow:clip;white-space:normal"
      >
         A design is a plan or specification for the construction of an object or system or for the implementation of an activity or process.
      </span>
    </h4>
    <div
      class="arco-typography"
    >
      <span
        style="display:block;padding:0;margin:0;position:absolute;white-space:nowrap;opacity:0;z-index:-999"
      >
        hxj
      </span>
      <span
        style="width:0"
      >
        A design is a plan or specification for the construction of an object or system or for the implementation of an activity or process, or the result of that plan or specification in the form of a prototype, product or process. The verb to design expresses the process of developing a design. The verb to design expresses the process of developing a design. A design is a plan or specification for the construction of an object or system or for the implementation of an activity or process, or the result of that plan or specification in the form of a prototype, product or process. The verb to design expresses the process of developing a design. The verb to design expresses the process of developing a design.
      </span>
    </div>
  </div>,
  <div>
    <h4
      class="arco-typography"
      style="width:240px"
    >
      <span
        style="display:block;padding:0;margin:0;position:absolute;white-space:nowrap;opacity:0;z-index:-999"
      >
        hxj
      </span>
      <span
        style="width:0"
      >
        Ellipsis in flex scene
      </span>
    </h4>
    <div
      style="display:flex"
    >
      <div
        class="arco-typography"
        style="width:100%"
      >
        <span
          style="display:block;padding:0;margin:0;position:absolute;white-space:nowrap;opacity:0;z-index:-999"
        >
          hxj
        </span>
        <span
          style="width:0"
        >
           A design is a plan or specification for the construction of an object or system or for the implementation of an activity or process.----width: 100%
        </span>
      </div>
    </div>
    <div
      style="display:flex"
    >
      <div
        class="arco-typography"
      >
        <span
          style="display:block;padding:0;margin:0;position:absolute;white-space:nowrap;opacity:0;z-index:-999"
        >
          hxj
        </span>
        <span
          style="width:0"
        >
           A design is a plan or specification for the construction of an object or system or for the implementation of an activity or process.----width: normal
        </span>
      </div>
    </div>
  </div>,
]
`;

exports[`renders Typography/demo/ellipsis-controlled.md correctly 1`] = `
Array [
  <div
    class="arco-space arco-space-horizontal arco-space-align-start"
  >
    <div
      class="arco-space-item"
      style="margin-right:120px"
    >
      <form
        class="arco-form arco-form-horizontal arco-form-size-small"
        style="width:400px"
      >
        <div
          class="arco-row arco-row-align-start arco-row-justify-start arco-form-item arco-form-layout-horizontal"
        >
          <div
            class="arco-col arco-col-6 arco-form-label-item"
          >
            <label
              for="ellipsis_input"
            >
               超出省略
            </label>
          </div>
          <div
            class="arco-col arco-col-18 arco-form-item-wrapper"
          >
            <div
              class="arco-form-item-control-wrapper"
            >
              <div
                class="arco-form-item-control"
                id="ellipsis"
              >
                <div
                  class="arco-form-item-control-children"
                >
                  <button
                    aria-checked="false"
                    class="arco-switch arco-switch-small arco-switch-type-circle"
                    id="ellipsis_input"
                    role="switch"
                    type="button"
                  >
                    <div
                      class="arco-switch-dot"
                    />
                  </button>
                </div>
              </div>
            </div>
          </div>
        </div>
        <div
          class="arco-row arco-row-align-start arco-row-justify-start arco-form-item arco-form-layout-horizontal"
        >
          <div
            class="arco-col arco-col-6 arco-form-label-item"
          >
            <label
              for="expandable_input"
            >
               展开/折叠
            </label>
          </div>
          <div
            class="arco-col arco-col-18 arco-form-item-wrapper"
          >
            <div
              class="arco-form-item-control-wrapper"
            >
              <div
                class="arco-form-item-control"
                id="expandable"
              >
                <div
                  class="arco-form-item-control-children"
                >
                  <button
                    aria-checked="false"
                    class="arco-switch arco-switch-small arco-switch-type-circle"
                    id="expandable_input"
                    role="switch"
                    type="button"
                  >
                    <div
                      class="arco-switch-dot"
                    />
                  </button>
                </div>
              </div>
            </div>
          </div>
        </div>
        <div
          class="arco-row arco-row-align-start arco-row-justify-start arco-form-item arco-form-layout-horizontal"
        >
          <div
            class="arco-col arco-col-6 arco-form-label-item"
          >
            <label
              for="ellipsisStr_input"
            >
               省略号
            </label>
          </div>
          <div
            class="arco-col arco-col-18 arco-form-item-wrapper"
          >
            <div
              class="arco-form-item-control-wrapper"
            >
              <div
                class="arco-form-item-control"
                id="ellipsisStr"
              >
                <div
                  class="arco-form-item-control-children"
                >
                  <input
                    class="arco-input arco-input-size-small"
                    id="ellipsisStr_input"
                    value="..."
                  />
                </div>
              </div>
            </div>
          </div>
        </div>
        <div
          class="arco-row arco-row-align-start arco-row-justify-start arco-form-item arco-form-layout-horizontal"
        >
          <div
            class="arco-col arco-col-6 arco-form-label-item"
          >
            <label
              for="suffix_input"
            >
               suffix
            </label>
          </div>
          <div
            class="arco-col arco-col-18 arco-form-item-wrapper"
          >
            <div
              class="arco-form-item-control-wrapper"
            >
              <div
                class="arco-form-item-control"
                id="suffix"
              >
                <div
                  class="arco-form-item-control-children"
                >
                  <input
                    class="arco-input arco-input-size-small"
                    id="suffix_input"
                    value=""
                  />
                </div>
              </div>
            </div>
          </div>
        </div>
        <div
          class="arco-row arco-row-align-start arco-row-justify-start arco-form-item arco-form-layout-horizontal"
        >
          <div
            class="arco-col arco-col-6 arco-form-label-item"
          >
            <label>
               省略展示
            </label>
          </div>
          <div
            class="arco-col arco-col-18 arco-form-item-wrapper"
          >
            <div
              class="arco-form-item-control-wrapper"
            >
              <div
                class="arco-form-item-control"
              >
                <div
                  class="arco-form-item-control-children"
                >
                  <div
                    class="arco-space arco-space-horizontal arco-space-align-center"
                  >
                    <div
                      class="arco-space-item"
                      style="margin-right:8px"
                    >
                      <button
                        class="arco-btn arco-btn-secondary arco-btn-size-small arco-btn-shape-square"
                        type="button"
                      >
                        <span>
                           row- 
                        </span>
                      </button>
                    </div>
                    <div
                      class="arco-space-item"
                    >
                      <button
                        class="arco-btn arco-btn-secondary arco-btn-size-small arco-btn-shape-square"
                        type="button"
                      >
                        <span>
                           row+ 
                        </span>
                      </button>
                    </div>
                  </div>
                </div>
              </div>
            </div>
          </div>
        </div>
        <div
          class="arco-row arco-row-align-start arco-row-justify-start arco-form-item arco-form-layout-horizontal"
        >
          <div
            class="arco-col arco-col-6 arco-form-label-item"
          >
            <label>
               文字操作
            </label>
          </div>
          <div
            class="arco-col arco-col-18 arco-form-item-wrapper"
          >
            <div
              class="arco-form-item-control-wrapper"
            >
              <div
                class="arco-form-item-control"
              >
                <div
                  class="arco-form-item-control-children"
                >
                  <button
                    class="arco-btn arco-btn-primary arco-btn-size-small arco-btn-shape-square"
                    type="button"
                  >
                    <span>
                      addText
                    </span>
                  </button>
                </div>
              </div>
            </div>
          </div>
        </div>
      </form>
    </div>
    <div
      class="arco-space-item"
    >
      <div
        class="arco-descriptions arco-descriptions-layout-horizontal"
        style="margin-bottom:20px"
      >
        <div
          class="arco-descriptions-title"
        >
          当前配置
        </div>
        <div
          class="arco-descriptions-body"
        >
          <table
            cellpadding="0"
            cellspacing="0"
            class="arco-descriptions-table"
          >
            <tbody>
              <tr
                class="arco-descriptions-row"
              >
                <td
                  class="arco-descriptions-item-label"
                  style="padding-right:36px"
                >
                  ellipsisStr
                </td>
                <td
                  class="arco-descriptions-item-value"
                >
                  ...
                </td>
              </tr>
              <tr
                class="arco-descriptions-row"
              >
                <td
                  class="arco-descriptions-item-label"
                  style="padding-right:36px"
                >
                  rows
                </td>
                <td
                  class="arco-descriptions-item-value"
                >
                  1
                </td>
              </tr>
            </tbody>
          </table>
        </div>
      </div>
    </div>
  </div>,
  <div>
    <div
      class="arco-typography"
    >
      <span
        style="display:block;padding:0;margin:0;position:absolute;white-space:nowrap;opacity:0;z-index:-999"
      >
        hxj
      </span>
      <span
        style="width:0"
      >
        A design is a plan or specification for the construction of an object or system or for the
implementation of an activity or process. A design is a plan or specification for the
construction of an object or system or for the implementation of an activity or process. 
      </span>
    </div>
  </div>,
]
`;

exports[`renders Typography/demo/operations.md correctly 1`] = `
<article
  class="arco-typography"
>
  <div
    class="arco-typography"
  >
    <span
      style="display:block;padding:0;margin:0;position:absolute;white-space:nowrap;opacity:0;z-index:-999"
    >
      hxj
    </span>
    <span
      style="width:0"
    >
      Click the icon to copy this text.
      <span
        class="arco-typography-operation-copy"
      >
        <svg
          aria-hidden="true"
          class="arco-icon arco-icon-copy"
          fill="none"
          focusable="false"
          stroke="currentColor"
          stroke-width="4"
          viewBox="0 0 48 48"
        >
          <path
            d="M20 6h18a2 2 0 0 1 2 2v22M8 16v24c0 1.105.891 2 1.996 2h20.007A1.99 1.99 0 0 0 32 40.008V15.997A1.997 1.997 0 0 0 30 14H10a2 2 0 0 0-2 2Z"
          />
        </svg>
      </span>
    </span>
  </div>
  <div
    class="arco-typography"
  >
    <span
      style="display:block;padding:0;margin:0;position:absolute;white-space:nowrap;opacity:0;z-index:-999"
    >
      hxj
    </span>
    <span
      style="width:0"
    >
      Click the icon to edit this text.
      <span
        class="arco-typography-operation-edit"
      >
        <svg
          aria-hidden="true"
          class="arco-icon arco-icon-edit"
          fill="none"
          focusable="false"
          stroke="currentColor"
          stroke-width="4"
          viewBox="0 0 48 48"
        >
          <path
            d="m30.48 19.038 5.733-5.734a1 1 0 0 0 0-1.414l-5.586-5.586a1 1 0 0 0-1.414 0l-5.734 5.734m7 7L15.763 33.754a1 1 0 0 1-.59.286l-6.048.708a1 1 0 0 1-1.113-1.069l.477-6.31a1 1 0 0 1 .29-.631l14.7-14.7m7 7-7-7M6 42h36"
          />
        </svg>
      </span>
    </span>
  </div>
</article>
`;

exports[`renders Typography/demo/paragraph.md correctly 1`] = `
<article
  class="arco-typography"
>
  <h5
    class="arco-typography"
  >
    <span
      style="display:block;padding:0;margin:0;position:absolute;white-space:nowrap;opacity:0;z-index:-999"
    >
      hxj
    </span>
    <span
      style="width:0"
    >
      Default
    </span>
  </h5>
  <div
    class="arco-typography"
  >
    <span
      style="display:block;padding:0;margin:0;position:absolute;white-space:nowrap;opacity:0;z-index:-999"
    >
      hxj
    </span>
    <span
      style="width:0"
    >
      A design is a plan or specification for the construction of an object or system or for the implementation of an activity or process, or the result of that plan or specification in the form of a prototype, product or process. The verb to design expresses the process of developing a design. In some cases, the direct construction of an object without an explicit prior plan (such as in craftwork, some engineering, coding, and graphic design) may also be considered to be a design activity.
    </span>
  </div>
  <h5
    class="arco-typography"
  >
    <span
      style="display:block;padding:0;margin:0;position:absolute;white-space:nowrap;opacity:0;z-index:-999"
    >
      hxj
    </span>
    <span
      style="width:0"
    >
      Secondary
    </span>
  </h5>
  <div
    class="arco-typography arco-typography-secondary"
  >
    <span
      style="display:block;padding:0;margin:0;position:absolute;white-space:nowrap;opacity:0;z-index:-999"
    >
      hxj
    </span>
    <span
      style="width:0"
    >
      A design is a plan or specification for the construction of an object or system or for the implementation of an activity or process, or the result of that plan or specification in the form of a prototype, product or process. The verb to design expresses the process of developing a design. In some cases, the direct construction of an object without an explicit prior plan (such as in craftwork, some engineering, coding, and graphic design) may also be considered to be a design activity.
    </span>
  </div>
  <h5
    class="arco-typography"
  >
    <span
      style="display:block;padding:0;margin:0;position:absolute;white-space:nowrap;opacity:0;z-index:-999"
    >
      hxj
    </span>
    <span
      style="width:0"
    >
      Spacing default
    </span>
  </h5>
  <div
    class="arco-typography"
  >
    <span
      style="display:block;padding:0;margin:0;position:absolute;white-space:nowrap;opacity:0;z-index:-999"
    >
      hxj
    </span>
    <span
      style="width:0"
    >
      A design is a plan or specification for the construction of an object or system or for the implementation of an activity or process, or the result of that plan or specification in the form of a prototype, product or process. The verb to design expresses the process of developing a design. In some cases, the direct construction of an object without an explicit prior plan (such as in craftwork, some engineering, coding, and graphic design) may also be considered to be a design activity.
    </span>
  </div>
  <h5
    class="arco-typography"
  >
    <span
      style="display:block;padding:0;margin:0;position:absolute;white-space:nowrap;opacity:0;z-index:-999"
    >
      hxj
    </span>
    <span
      style="width:0"
    >
      Spacing close
    </span>
  </h5>
  <div
    class="arco-typography arco-typography-secondary arco-typography-spacing-close"
  >
    <span
      style="display:block;padding:0;margin:0;position:absolute;white-space:nowrap;opacity:0;z-index:-999"
    >
      hxj
    </span>
    <span
      style="width:0"
    >
      A design is a plan or specification for the construction of an object or system or for the implementation of an activity or process, or the result of that plan or specification in the form of a prototype, product or process. The verb to design expresses the process of developing a design.
    </span>
  </div>
</article>
`;

exports[`renders Typography/demo/text.md correctly 1`] = `
Array [
  <div
    style="margin-bottom:10px"
  >
    <span
      class="arco-typography"
    >
      <span
        style="display:block;padding:0;margin:0;position:absolute;white-space:nowrap;opacity:0;z-index:-999"
      >
        hxj
      </span>
      <span
        style="width:0"
      >
        Arco Design
      </span>
    </span>
  </div>,
  <div
    style="margin-bottom:10px"
  >
    <span
      class="arco-typography arco-typography-secondary"
    >
      <span
        style="display:block;padding:0;margin:0;position:absolute;white-space:nowrap;opacity:0;z-index:-999"
      >
        hxj
      </span>
      <span
        style="width:0"
      >
        Secondary
      </span>
    </span>
  </div>,
  <div
    style="margin-bottom:10px"
  >
    <span
      class="arco-typography arco-typography-primary"
    >
      <span
        style="display:block;padding:0;margin:0;position:absolute;white-space:nowrap;opacity:0;z-index:-999"
      >
        hxj
      </span>
      <span
        style="width:0"
      >
        Primary
      </span>
    </span>
  </div>,
  <div
    style="margin-bottom:10px"
  >
    <span
      class="arco-typography arco-typography-success"
    >
      <span
        style="display:block;padding:0;margin:0;position:absolute;white-space:nowrap;opacity:0;z-index:-999"
      >
        hxj
      </span>
      <span
        style="width:0"
      >
        Success
      </span>
    </span>
  </div>,
  <div
    style="margin-bottom:10px"
  >
    <span
      class="arco-typography arco-typography-warning"
    >
      <span
        style="display:block;padding:0;margin:0;position:absolute;white-space:nowrap;opacity:0;z-index:-999"
      >
        hxj
      </span>
      <span
        style="width:0"
      >
        Warning
      </span>
    </span>
  </div>,
  <div
    style="margin-bottom:10px"
  >
    <span
      class="arco-typography arco-typography-error"
    >
      <span
        style="display:block;padding:0;margin:0;position:absolute;white-space:nowrap;opacity:0;z-index:-999"
      >
        hxj
      </span>
      <span
        style="width:0"
      >
        Error
      </span>
    </span>
  </div>,
  <div
    style="margin-bottom:10px"
  >
    <span
      class="arco-typography"
    >
      <b>
        <span
          style="display:block;padding:0;margin:0;position:absolute;white-space:nowrap;opacity:0;z-index:-999"
        >
          hxj
        </span>
        <span
          style="width:0"
        >
          Bold
        </span>
      </b>
    </span>
  </div>,
  <div
    style="margin-bottom:10px"
  >
    <span
      class="arco-typography arco-typography-disabled"
    >
      <span
        style="display:block;padding:0;margin:0;position:absolute;white-space:nowrap;opacity:0;z-index:-999"
      >
        hxj
      </span>
      <span
        style="width:0"
      >
        Disabled
      </span>
    </span>
  </div>,
  <div
    style="margin-bottom:10px"
  >
    <span
      class="arco-typography"
    >
      <mark>
        <span
          style="display:block;padding:0;margin:0;position:absolute;white-space:nowrap;opacity:0;z-index:-999"
        >
          hxj
        </span>
        <span
          style="width:0"
        >
          Mark
        </span>
      </mark>
    </span>
  </div>,
  <div
    style="margin-bottom:10px"
  >
    <span
      class="arco-typography"
    >
      <u>
        <span
          style="display:block;padding:0;margin:0;position:absolute;white-space:nowrap;opacity:0;z-index:-999"
        >
          hxj
        </span>
        <span
          style="width:0"
        >
          Underline
        </span>
      </u>
    </span>
  </div>,
  <div
    style="margin-bottom:10px"
  >
    <span
      class="arco-typography"
    >
      <del>
        <span
          style="display:block;padding:0;margin:0;position:absolute;white-space:nowrap;opacity:0;z-index:-999"
        >
          hxj
        </span>
        <span
          style="width:0"
        >
          Line through
        </span>
      </del>
    </span>
  </div>,
  <div
    style="margin-bottom:10px"
  >
    <span
      class="arco-typography"
    >
      <code>
        <span
          style="display:block;padding:0;margin:0;position:absolute;white-space:nowrap;opacity:0;z-index:-999"
        >
          hxj
        </span>
        <span
          style="width:0"
        >
          Code snippet
        </span>
      </code>
    </span>
  </div>,
]
`;

exports[`renders Typography/demo/title.md correctly 1`] = `
<article
  class="arco-typography"
>
  <h1
    class="arco-typography"
  >
    <span
      style="display:block;padding:0;margin:0;position:absolute;white-space:nowrap;opacity:0;z-index:-999"
    >
      hxj
    </span>
    <span
      style="width:0"
    >
      H1. The Pragmatic Romanticism
    </span>
  </h1>
  <h2
    class="arco-typography"
  >
    <span
      style="display:block;padding:0;margin:0;position:absolute;white-space:nowrap;opacity:0;z-index:-999"
    >
      hxj
    </span>
    <span
      style="width:0"
    >
      H2. The Pragmatic Romanticism
    </span>
  </h2>
  <h3
    class="arco-typography"
  >
    <span
      style="display:block;padding:0;margin:0;position:absolute;white-space:nowrap;opacity:0;z-index:-999"
    >
      hxj
    </span>
    <span
      style="width:0"
    >
      H3. The Pragmatic Romanticism
    </span>
  </h3>
  <h4
    class="arco-typography"
  >
    <span
      style="display:block;padding:0;margin:0;position:absolute;white-space:nowrap;opacity:0;z-index:-999"
    >
      hxj
    </span>
    <span
      style="width:0"
    >
      H4. The Pragmatic Romanticism
    </span>
  </h4>
  <h5
    class="arco-typography"
  >
    <span
      style="display:block;padding:0;margin:0;position:absolute;white-space:nowrap;opacity:0;z-index:-999"
    >
      hxj
    </span>
    <span
      style="width:0"
    >
      H5. The Pragmatic Romanticism
    </span>
  </h5>
  <h6
    class="arco-typography"
  >
    <span
      style="display:block;padding:0;margin:0;position:absolute;white-space:nowrap;opacity:0;z-index:-999"
    >
      hxj
    </span>
    <span
      style="width:0"
    >
      H6. The Pragmatic Romanticism
    </span>
  </h6>
</article>
`;
